2025-08-05 12:53:58.336 12556-12556 Compatibil...geReporter com.xiaomi.base                      D  Compat change id reported: 171979766; UID 10756; state: ENABLED
2025-08-05 12:53:58.337 12556-12556 Compatibil...geReporter com.xiaomi.base                      D  Compat change id reported: 242716250; UID 10756; state: ENABLED
2025-08-05 12:53:58.447 12556-12556 ziparchive              com.xiaomi.base                      W  Unable to open '/data/app/~~R4CDHnMeITwVkVcmwMczdA==/com.xiaomi.base-1wGjNJwuqZzzo8ahiKAR7A==/base.dm': No such file or directory
2025-08-05 12:53:58.447 12556-12556 ziparchive              com.xiaomi.base                      W  Unable to open '/data/app/~~R4CDHnMeITwVkVcmwMczdA==/com.xiaomi.base-1wGjNJwuqZzzo8ahiKAR7A==/base.dm': No such file or directory
2025-08-05 12:53:59.875 12556-12556 nativeloader            com.xiaomi.base                      D  Configuring clns-4 for other apk /data/app/~~R4CDHnMeITwVkVcmwMczdA==/com.xiaomi.base-1wGjNJwuqZzzo8ahiKAR7A==/base.apk. target_sdk_version=35, uses_libraries=, library_path=/data/app/~~R4CDHnMeITwVkVcmwMczdA==/com.xiaomi.base-1wGjNJwuqZzzo8ahiKAR7A==/lib/arm64:/data/app/~~R4CDHnMeITwVkVcmwMczdA==/com.xiaomi.base-1wGjNJwuqZzzo8ahiKAR7A==/base.apk!/lib/arm64-v8a, permitted_path=/data:/mnt/expand:/data/user/0/com.xiaomi.base
2025-08-05 12:53:59.890 12556-12556 nativeloader            com.xiaomi.base                      D  Load libframework-connectivity-jni.so using APEX ns com_android_tethering for caller /apex/com.android.tethering/javalib/framework-connectivity.jar: ok
2025-08-05 12:53:59.896 12556-12556 GraphicsEnvironment     com.xiaomi.base                      V  Currently set values for:
2025-08-05 12:53:59.896 12556-12556 GraphicsEnvironment     com.xiaomi.base                      V    angle_gl_driver_selection_pkgs=[]
2025-08-05 12:53:59.896 12556-12556 GraphicsEnvironment     com.xiaomi.base                      V    angle_gl_driver_selection_values=[]
2025-08-05 12:53:59.897 12556-12556 GraphicsEnvironment     com.xiaomi.base                      V  ANGLE GameManagerService for com.xiaomi.base: false
2025-08-05 12:53:59.897 12556-12556 GraphicsEnvironment     com.xiaomi.base                      V  com.xiaomi.base is not listed in per-application setting
2025-08-05 12:53:59.897 12556-12556 GraphicsEnvironment     com.xiaomi.base                      V  Neither updatable production driver nor prerelease driver is supported.
2025-08-05 12:53:59.906 12556-12556 ForceDarkHelperStubImpl com.xiaomi.base                      I  initialize for com.xiaomi.base , ForceDarkOrigin
2025-08-05 12:53:59.908 12556-12556 nativeloader            com.xiaomi.base                      D  Load libforcedarkimpl.so using system ns (caller=/system_ext/framework/miui-framework.jar): ok
2025-08-05 12:53:59.908 12556-12556 OpenGLRenderer          com.xiaomi.base                      D  JNI_OnLoad success
2025-08-05 12:53:59.909 12556-12556 MiuiForceDarkConfig     com.xiaomi.base                      I  setConfig density:2.000000, mainRule:0, secondaryRule:0, tertiaryRule:0
2025-08-05 12:53:59.921 12556-12556 MultiDex                com.xiaomi.base                      I  VM with version 2.1.0 has multidex support
2025-08-05 12:53:59.921 12556-12556 MultiDex                com.xiaomi.base                      I  Installing application
2025-08-05 12:53:59.921 12556-12556 MultiDex                com.xiaomi.base                      I  VM has multidex support, MultiDex support library is disabled.
2025-08-05 12:53:59.922 12556-12556 Compatibil...geReporter com.xiaomi.base                      D  Compat change id reported: 183155436; UID 10756; state: ENABLED
2025-08-05 12:54:00.227 12556-12556 com.xiaomi.base         com.xiaomi.base                      W  Accessing hidden method Landroid/view/WindowManagerGlobal;->getInstance()Landroid/view/WindowManagerGlobal; (unsupported, reflection, allowed)
2025-08-05 12:54:00.228 12556-12556 com.xiaomi.base         com.xiaomi.base                      W  Accessing hidden field Landroid/view/WindowManagerGlobal;->mViews:Ljava/util/ArrayList; (unsupported, reflection, allowed)
2025-08-05 12:54:00.228 12556-12556 com.xiaomi.base         com.xiaomi.base                      W  Accessing hidden field Landroid/app/ActivityThread;->mH:Landroid/app/ActivityThread$H; (unsupported, reflection, allowed)
2025-08-05 12:54:00.228 12556-12556 com.xiaomi.base         com.xiaomi.base                      W  Accessing hidden method Landroid/app/ActivityThread;->currentActivityThread()Landroid/app/ActivityThread; (unsupported, reflection, allowed)
2025-08-05 12:54:00.228 12556-12556 com.xiaomi.base         com.xiaomi.base                      W  Accessing hidden field Landroid/os/Handler;->mCallback:Landroid/os/Handler$Callback; (unsupported, reflection, allowed)
2025-08-05 12:54:00.229 12556-12556 com.xiaomi.base         com.xiaomi.base                      W  Accessing hidden field Landroid/util/Singleton;->mInstance:Ljava/lang/Object; (unsupported, reflection, allowed)
2025-08-05 12:54:00.229 12556-12556 com.xiaomi.base         com.xiaomi.base                      W  Accessing hidden method Landroid/util/Singleton;->get()Ljava/lang/Object; (unsupported, reflection, allowed)
2025-08-05 12:54:00.230 12556-12556 com.xiaomi.base         com.xiaomi.base                      W  Accessing hidden field Landroid/app/ActivityManager;->IActivityManagerSingleton:Landroid/util/Singleton; (unsupported, reflection, allowed)
2025-08-05 12:54:00.247 12556-12556 ProfileInstaller        com.xiaomi.base                      D  Installing profile for com.xiaomi.base
2025-08-05 12:54:00.269 12556-12556 Looper                  com.xiaomi.base                      W  PerfMonitor longMsg : seq=3 plan=12:53:58.326 late=6ms wall=1928ms h=android.app.ActivityThread$H w=110 procState=-1
2025-08-05 12:54:00.275 12556-12556 M-ProMotion             com.xiaomi.base                      I  M-ProMotion is disabled
2025-08-05 12:54:00.284 12556-12795 libMEOW                 com.xiaomi.base                      D  meow new tls: 0xb4000079b4354680
2025-08-05 12:54:00.285 12556-12795 libMEOW                 com.xiaomi.base                      D  meow reload base cfg path: na
2025-08-05 12:54:00.285 12556-12795 libMEOW                 com.xiaomi.base                      D  meow reload overlay cfg path: na
2025-08-05 12:54:00.289 12556-12795 QT                      com.xiaomi.base                      E  [QT]file does not exist
2025-08-05 12:54:00.290 12556-12795 libMEOW                 com.xiaomi.base                      D  applied 1 plugins for [com.xiaomi.base]:
2025-08-05 12:54:00.290 12556-12795 libMEOW                 com.xiaomi.base                      D    plugin 1: [libMEOW_gift.so]: 0xb4000079b42c79c0
2025-08-05 12:54:00.290 12556-12795 libMEOW                 com.xiaomi.base                      D  rebuild call chain: 0xb4000079b43bcec0
2025-08-05 12:54:00.290 12556-12795 libMEOW                 com.xiaomi.base                      D  meow delete tls: 0xb4000079b4354680
2025-08-05 12:54:00.352 12556-12556 AppCompatDelegate       com.xiaomi.base                      D  Checking for metadata for AppLocalesMetadataHolderService : Service not found
2025-08-05 12:54:00.425 12556-12556 libc                    com.xiaomi.base                      W  Access denied finding property "ro.vendor.df.effect.conflict"
2025-08-05 12:54:00.422 12556-12556 com.xiaomi.base         com.xiaomi.base                      W  type=1400 audit(0.0:257850): avc:  denied  { read } for  name="u:object_r:vendor_displayfeature_prop:s0" dev="tmpfs" ino=8518 scontext=u:r:untrusted_app:s0:c244,c258,c512,c768 tcontext=u:object_r:vendor_displayfeature_prop:s0 tclass=file permissive=0 app=com.xiaomi.base
2025-08-05 12:54:00.864 12556-12556 DecorView[]             com.xiaomi.base                      D  getWindowModeFromSystem  windowmode is 1
2025-08-05 12:54:00.919 30611-30792 Launcher.AllAppsList    com.miui.home                        E  Can't load postion for packageName: com.xiaomi.base activityName: com.xiaomi.base.ui.screens.activity.MainActivity
2025-08-05 12:54:00.929 12556-12556 com.xiaomi.base         com.xiaomi.base                      W  Accessing hidden method Landroid/view/View;->computeFitSystemWindows(Landroid/graphics/Rect;Landroid/graphics/Rect;)Z (unsupported, reflection, allowed)
2025-08-05 12:54:00.929 12556-12556 com.xiaomi.base         com.xiaomi.base                      W  Accessing hidden method Landroid/view/ViewGroup;->makeOptionalFitsSystemWindows()V (unsupported, reflection, allowed)
2025-08-05 12:54:00.934 30611-30792 Launcher.AllAppsList    com.miui.home                        E  Can't load postion for packageName: com.xiaomi.base activityName: leakcanary.internal.activity.LeakLauncherActivity
2025-08-05 12:54:00.953 12556-12556 Activity                com.xiaomi.base                      W  PerfMonitor: Slow Operation: Activity com.xiaomi.base/.ui.screens.activity.MainActivity onCreate took 572ms
2025-08-05 12:54:00.991 12556-12792 nativeloader            com.xiaomi.base                      D  Load libpowerhalwrap_jni.so using system ns (caller=/system_ext/framework/mediatek-framework.jar): ok
2025-08-05 12:54:00.992 12556-12792 PowerHalWrapper         com.xiaomi.base                      I  PowerHalWrapper.getInstance 
2025-08-05 12:54:00.996 12556-12556 SurfaceFactory          com.xiaomi.base                      I  [static] sSurfaceFactory = com.mediatek.view.impl.SurfaceFactoryImpl@884e94e
2025-08-05 12:54:01.001 12556-12556 Compatibil...geReporter com.xiaomi.base                      D  Compat change id reported: 237531167; UID 10756; state: DISABLED
2025-08-05 12:54:01.005 12556-12556 FramePredict            com.xiaomi.base                      D  FramePredict init: true
2025-08-05 12:54:01.006 12556-12556 FramePredict            com.xiaomi.base                      D  init success
2025-08-05 12:54:01.015 12556-12556 com.xiaomi.base         com.xiaomi.base                      W  Accessing hidden field Lcom/android/internal/policy/DecorView;->mWindow:Lcom/android/internal/policy/PhoneWindow; (unsupported, reflection, allowed)
2025-08-05 12:54:01.017 12556-12802 FramePredict            com.xiaomi.base                      E  registerContentObserver fail
2025-08-05 12:54:01.019 12556-12556 OpenGLRenderer          com.xiaomi.base                      W  Unknown dataspace 0
2025-08-05 12:54:01.025 12556-12793 libc                    com.xiaomi.base                      W  Access denied finding property "ro.vendor.display.iris_x7.support"
2025-08-05 12:54:01.032 12556-12556 VRI[MainActivity]       com.xiaomi.base                      D  hardware acceleration = true, forceHwAccelerated = false
2025-08-05 12:54:01.037   874-1697  BufferQueueDebug        surfaceflinger                       E  [7208996 com.xiaomi.base/com.xiaomi.base.ui.screens.activity.MainActivity#46670](this:0xb400007606d4ea30,id:-1,api:0,p:-1,c:-1) id info cannot be read from '7208996 com.xiaomi.base/com.xiaomi.base.ui.screens.activity.MainActivity#46670'
2025-08-05 12:54:01.045 12556-12556 libMEOW                 com.xiaomi.base                      D  meow new tls: 0xb4000079b44c1100
2025-08-05 12:54:01.045 12556-12556 libMEOW                 com.xiaomi.base                      D  applied 1 plugins for [com.xiaomi.base]:
2025-08-05 12:54:01.045 12556-12556 libMEOW                 com.xiaomi.base                      D    plugin 1: [libMEOW_gift.so]: 0xb4000079b42c79c0
2025-08-05 12:54:01.045 12556-12556 libMEOW                 com.xiaomi.base                      D  rebuild call chain: 0xb4000079b44d0300
2025-08-05 12:54:01.050 12556-12556 Looper                  com.xiaomi.base                      W  PerfMonitor looperActivity : package=com.xiaomi.base/.ui.screens.activity.MainActivity time=772ms latency=1937ms  procState=-1  historyMsgCount=1 (msgIndex=1 wall=1928ms seq=3 late=6ms h=android.app.ActivityThread$H w=110)
2025-08-05 12:54:01.051 12556-12556 Looper                  com.xiaomi.base                      W  PerfMonitor looperActivity : package=com.xiaomi.base/.ui.screens.activity.MainActivity time=1ms latency=2709ms  procState=-1  historyMsgCount=2 (msgIndex=1 wall=1928ms seq=3 late=6ms h=android.app.ActivityThread$H w=110) (msgIndex=2 wall=772ms seq=4 late=1937ms h=android.app.ActivityThread$H w=159)
2025-08-05 12:54:01.055 12556-12556 Choreographer           com.xiaomi.base                      I  Skipped 61 frames!  The application may be doing too much work on its main thread.
2025-08-05 12:54:01.065   874-874   BufferQueueDebug        surfaceflinger                       E  [7208996 com.xiaomi.base/com.xiaomi.base.ui.screens.activity.MainActivity#46670 (Mirror)#46671](this:0xb400007606fe5a30,id:-1,api:0,p:-1,c:-1) id info cannot be read from '7208996 com.xiaomi.base/com.xiaomi.base.ui.screens.activity.MainActivity#46670 (Mirror)#46671'
2025-08-05 12:54:01.547 12556-12578 com.xiaomi.base         com.xiaomi.base                      I  Compiler allocated 6367KB to compile void android.view.ViewRootImpl.performTraversals()
2025-08-05 12:54:01.862   874-1697  BufferQueueDebug        surfaceflinger                       E  [com.xiaomi.base/com.xiaomi.base.ui.screens.activity.MainActivity#46672](this:0xb400007606d6ea30,id:-1,api:0,p:-1,c:-1) id info cannot be read from 'com.xiaomi.base/com.xiaomi.base.ui.screens.activity.MainActivity#46672'
2025-08-05 12:54:01.866   874-874   BufferQueueDebug        surfaceflinger                       E  [com.xiaomi.base/com.xiaomi.base.ui.screens.activity.MainActivity#46672 (Mirror)#46673](this:0xb400007606c71a30,id:-1,api:0,p:-1,c:-1) id info cannot be read from 'com.xiaomi.base/com.xiaomi.base.ui.screens.activity.MainActivity#46672 (Mirror)#46673'
2025-08-05 12:54:01.883 12556-12556 BufferQueueConsumer     com.xiaomi.base                      D  [](id:310c00000000,api:0,p:-1,c:12556) connect: controlledByApp=false
2025-08-05 12:54:01.895 12556-12793 libMEOW                 com.xiaomi.base                      D  meow new tls: 0xb40000794d53ab80
2025-08-05 12:54:01.895 12556-12793 libMEOW                 com.xiaomi.base                      D  applied 1 plugins for [com.xiaomi.base]:
2025-08-05 12:54:01.895 12556-12793 libMEOW                 com.xiaomi.base                      D    plugin 1: [libMEOW_gift.so]: 0xb4000079b42c79c0
2025-08-05 12:54:01.895 12556-12793 libMEOW                 com.xiaomi.base                      D  rebuild call chain: 0xb40000794d549440
2025-08-05 12:54:01.907 12556-12793 OpenGLRenderer          com.xiaomi.base                      E  Device claims wide gamut support, cannot find matching config, error = EGL_SUCCESS
2025-08-05 12:54:01.907 12556-12793 OpenGLRenderer          com.xiaomi.base                      W  Failed to initialize 101010-2 format, error = EGL_SUCCESS
2025-08-05 12:54:01.917 12556-12793 libc                    com.xiaomi.base                      W  Access denied finding property "vendor.migl.debug"
2025-08-05 12:54:01.917 12556-12793 libMiGL                 com.xiaomi.base                      E  libmigl:This GPU version is note support Variable Shading Rate
2025-08-05 12:54:01.923 12556-12793 libEGL                  com.xiaomi.base                      E  pre_cache appList: ,,
2025-08-05 12:54:01.926 12556-12793 OpenGLRenderer          com.xiaomi.base                      E  Unable to match the desired swap behavior.
2025-08-05 12:54:01.928 12556-12556 VRI[MainActivity]       com.xiaomi.base                      D  vri.reportNextDraw android.view.ViewRootImpl.performTraversals:4402 android.view.ViewRootImpl.doTraversal:3018 android.view.ViewRootImpl$TraversalRunnable.run:10526 android.view.Choreographer$CallbackRecord.run:1682 android.view.Choreographer$CallbackRecord.run:1691 
2025-08-05 12:54:01.938 12556-12556 Looper                  com.xiaomi.base                      W  PerfMonitor doFrame : time=884ms vsyncFrame=0 latency=1025ms procState=-1 historyMsgCount=5 (msgIndex=1 wall=1928ms seq=3 late=6ms h=android.app.ActivityThread$H w=110) (msgIndex=2 wall=772ms seq=4 late=1937ms h=android.app.ActivityThread$H w=159)
2025-08-05 12:54:01.948 12556-12790 LeakCanary              com.xiaomi.base                      D  LeakCanary is running and ready to detect memory leaks.
2025-08-05 12:54:02.064 12556-12556 Choreographer           com.xiaomi.base                      I  Skipped 49 frames!  The application may be doing too much work on its main thread.
2025-08-05 12:54:02.069 12556-12556 Looper                  com.xiaomi.base                      W  PerfMonitor doFrame : time=5ms vsyncFrame=0 latency=817ms procState=-1 historyMsgCount=6 (msgIndex=1 wall=884ms seq=8 late=1025ms h=android.view.Choreographer$FrameHandler c=android.view.Choreographer$FrameDisplayEventReceiver) (msgIndex=6 wall=122ms seq=13 late=708ms h=android.os.Handler c=androidx.compose.ui.platform.AndroidUiDispatcher$dispatchCallback$1)
2025-08-05 12:54:02.211 30611-9688  ActivityManagerWrapper  com.miui.home                        E  getRecentTasks: mainTaskId=2353   userId=0   windowMode=1   baseIntent=Intent { act=android.intent.action.MAIN flag=268435456 cmp=ComponentInfo{com.xiaomi.base/com.xiaomi.base.ui.screens.activity.MainActivity} }
2025-08-05 12:54:02.219 30611-9688  ActivityManagerWrapper  com.miui.home                        E  getRecentTasks: mainTaskId=2353   userId=0   windowMode=1   baseIntent=Intent { act=android.intent.action.MAIN flag=268435456 cmp=ComponentInfo{com.xiaomi.base/com.xiaomi.base.ui.screens.activity.MainActivity} }
2025-08-05 12:54:02.518 30611-9688  ActivityManagerWrapper  com.miui.home                        E  getRecentTasks: mainTaskId=2353   userId=0   windowMode=1   baseIntent=Intent { act=android.intent.action.MAIN flag=268435456 cmp=ComponentInfo{com.xiaomi.base/com.xiaomi.base.ui.screens.activity.MainActivity} }
2025-08-05 12:54:02.945 12556-12556 VRI[MainActivity]       com.xiaomi.base                      D  vri.Setup new sync=wmsSync-VRI[MainActivity]#0
2025-08-05 12:54:03.009 12556-12793 OpenGLRenderer          com.xiaomi.base                      D  makeCurrent grContext:0xb4000079c041ace0 reset mTextureAvailable
2025-08-05 12:54:03.013 12556-12793 com.xiaomi.base         com.xiaomi.base                      D  MiuiProcessManagerServiceStub setSchedFifo
2025-08-05 12:54:03.013 12556-12793 MiuiProcessManagerImpl  com.xiaomi.base                      I  setSchedFifo pid:12556, mode:3
2025-08-05 12:54:03.016 12556-12793 libc                    com.xiaomi.base                      W  Access denied finding property "ro.vendor.magt.mtk_magt_support"
2025-08-05 12:54:03.016 12556-12793 MAGT_SYNC_FRAME         com.xiaomi.base                      D  MAGT Sync: MAGT is not supported. Disabling Sync.
2025-08-05 12:54:03.017 12556-12793 hw-ProcessState         com.xiaomi.base                      D  Binder ioctl to enable oneway spam detection failed: Invalid argument
2025-08-05 12:54:03.023 12556-12793 libc                    com.xiaomi.base                      W  Access denied finding property "ro.vendor.display.iris_x7.support"
2025-08-05 12:54:03.045 12556-12793 libEGL                  com.xiaomi.base                      E  pre_cache appList: ,,
2025-08-05 12:54:03.203 12556-12793 LB                      com.xiaomi.base                      E  fail to open file: No such file or directory
2025-08-05 12:54:03.204 12556-12793 LB                      com.xiaomi.base                      E  fail to open node: No such file or directory
2025-08-05 12:54:03.204 12556-12793 libc                    com.xiaomi.base                      W  Access denied finding property "ro.vendor.display.iris_x7.support"
2025-08-05 12:54:03.204 12556-12793 BLASTBufferQueue        com.xiaomi.base                      D  [VRI[MainActivity]#0](f:0,a:1) acquireNextBufferLocked size=720x1600 mFrameNumber=1 applyTransaction=true mTimestamp=331986977059402(auto) mPendingTransactions.size=0 graphicBufferId=53927609368580 transform=0
2025-08-05 12:54:03.207 12556-12556 VRI[MainActivity]       com.xiaomi.base                      D  vri.reportDrawFinished
2025-08-05 12:54:03.213   874-985   BufferQueueDebug        surfaceflinger                       E  [Surface(name=7208996 com.xiaomi.base/com.xiaomi.base.ui.screens.activity.MainActivity#46670)/@0x4d6ef0b - animation-leash of starting_reveal#46704](this:0xb40000760aa59a30,id:-1,api:0,p:-1,c:-1) id info cannot be read from 'Surface(name=7208996 com.xiaomi.base/com.xiaomi.base.ui.screens.activity.MainActivity#46670)/@0x4d6ef0b - animation-leash of starting_reveal#46704'
2025-08-05 12:54:03.229   874-874   BufferQueueDebug        surfaceflinger                       E  [Surface(name=7208996 com.xiaomi.base/com.xiaomi.base.ui.screens.activity.MainActivity#46670)/@0x4d6ef0b - animation-leash of starting_reveal#46704 (Mirror)#46705](this:0xb400007606cf1a30,id:-1,api:0,p:-1,c:-1) id info cannot be read from 'Surface(name=7208996 com.xiaomi.base/com.xiaomi.base.ui.screens.activity.MainActivity#46670)/@0x4d6ef0b - animation-leash of starting_reveal#46704 (Mirror)#46705'
2025-08-05 12:54:03.500 12556-12556 Compatibil...geReporter com.xiaomi.base                      D  Compat change id reported: 78294732; UID 10756; state: ENABLED
2025-08-05 12:54:03.584   874-986   BufferQueueDebug        surfaceflinger                       E  [Surface(name=a773ec9 Splash Screen com.xiaomi.base#46658)/@0xea75ac4 - animation-leash of window_animation#46715](this:0xb400007607143a30,id:-1,api:0,p:-1,c:-1) id info cannot be read from 'Surface(name=a773ec9 Splash Screen com.xiaomi.base#46658)/@0xea75ac4 - animation-leash of window_animation#46715'
2025-08-05 12:54:03.589   874-874   BufferQueueDebug        surfaceflinger                       E  [Surface(name=a773ec9 Splash Screen com.xiaomi.base#46658)/@0xea75ac4 - animation-leash of window_animation#46715 (Mirror)#46716](this:0xb4000076070d9a30,id:-1,api:0,p:-1,c:-1) id info cannot be read from 'Surface(name=a773ec9 Splash Screen com.xiaomi.base#46658)/@0xea75ac4 - animation-leash of window_animation#46715 (Mirror)#46716'
2025-08-05 12:54:03.654 30611-9688  ActivityManagerWrapper  com.miui.home                        E  getRecentTasks: mainTaskId=2353   userId=0   windowMode=1   baseIntent=Intent { act=android.intent.action.MAIN flag=268435456 cmp=ComponentInfo{com.xiaomi.base/com.xiaomi.base.ui.screens.activity.MainActivity} }
2025-08-05 12:54:03.681 30611-9688  ActivityManagerWrapper  com.miui.home                        E  getRecentTasks: mainTaskId=2353   userId=0   windowMode=1   baseIntent=Intent { act=android.intent.action.MAIN flag=268435456 cmp=ComponentInfo{com.xiaomi.base/com.xiaomi.base.ui.screens.activity.MainActivity} }
2025-08-05 12:54:03.896 12556-12556 MiuiMultiWindowUtils    com.xiaomi.base                      D  freeform resolution args raw data:{  "wide_default":{    "freeform_args": {        "vertical_portrait":{"aspect_ratio":0.626, "original_ratio":0.5643,"original_scale":0.74,"top_margin":0.168,"left_margin":0.484},        "horizontal_portrait":{"aspect_ratio":0.626, "original_ratio":0.5643,"original_scale":0.74,"top_margin":0.1222,"left_margin":0.59745},        "vertical_landscape":{"aspect_ratio":1.6, "original_ratio":1,"original_scale":0.604,"top_margin":0.2596,"left_margin":0.2624},        "horizontal_landscape":{"aspect_ratio":1.6, "original_ratio":1,"original_scale":0.604,"top_margin":0.213,"left_margin":0.3758}    },    "mini_freeform_args":{        "vertical_portrait":{"original_ratio":0.147},        "horizontal_portrait":{"original_ratio":0.147},        "vertical_landscape":{"original_ratio":0.165},        "horizontal_landscape":{"original_ratio":0.165}    }  },  "narrow_default": {    "freeform_args": {        "vertical_portrait":{"aspect_ratio":0.626, "original_ratio":1,"original_scale":0.74,"top_margin":0.0753,"left_margin":-1},        "horizontal_portrait":{"aspect_ratio":0.626, "original_ratio":1,"original_scale":0.5756,"top_margin":-1,"left_margin":0.0753},        "vertical_landscape":{"aspect_ratio":1.6, "original_ratio":0.6847,"original_scale":0.587,"top_margin":0.0753,"left_margin":-1},        "horizontal_landscape":{"aspect_ratio":1.6, "original_ratio":0.6847,"original_scale":0.587,"top_margin":-1,"left_margin":0.0753}    },    "mini_freeform_args":{        "vertical_portrait":{"original_ratio":0.26},        "horizontal_portrait":{"original_ratio":0.26},        "vertical_landscape":{"original_ratio":0.293},        "horizontal_landscape":{"original_ratio":0.293}    }  },  "regular_default": {    "freeform_args": {      "vertical_portrait":{"aspect_ratio":0.625, "original_ratio":1,"original_scale":0.7,"top_margin":0.109,"left_margin":-1},      "horizontal_portrait":{"aspect_ratio":0.6667, "original_ratio":1,"original_scale":0.6102,"top_margin":-1,"left_margin":0.026},      "vertical_landscape":{"aspect_ratio":1.6, "original_ratio":1,"original_scale":0.4244,"top_margin":0.109,"left_margin":-1},      "horizontal_landscape":{"aspect_ratio":1.6, "original_ratio":1,"original_scale":0.4244,"top_margin":-1,"left_margin":0.026}    },    "mini_freeform_args":{      "vertical_portrait":{"original_ratio":0.25},      "horizontal_portrait":{"original_ratio":0.25},      "vertical_landscape":{"original_ratio":0.25},      "horizontal_landscape":{"original_ratio":0.25}    }  },  "pad_default": {    "freeform_args": {      "vertical_portrait":{"aspect_ratio":0.5625, "original_ratio":0.375,"original_scale":0.835,"top_margin":0.049,"left_margin":0.2775},      "horizontal_portrait":{"aspect_ratio":0.5625, "original_ratio":0.375,"original_scale":0.835,"top_margin":-1,"left_margin":0.6525},      "vertical_landscape":{"aspect_ratio":-1, "original_ratio":1,"original_scale":0.468,"top_margin":0.049,"left_margin":-1},      "horizontal_landscape":{"aspect_ratio":-1, "original_ratio":1,"original_scale":0.468,"top_margin":-1,"left_margin":0.4976}    },    "mini_freeform_args":{      "vertical_portrait":{"original_ratio":0.144},      "horizontal_portrait":{"original_ratio":0.144},      "vertical_landscape":{"original_ratio":0.2},      "horizontal_landscape":{"original_ratio":0.2}    }  }}
2025-08-05 12:54:03.910 12556-12556 MiuiMultiWindowUtils    com.xiaomi.base                      D  initFreeFormResolutionArgs failed, device is gale
2025-08-05 12:54:03.911 12556-12556 IS_CTS_MODE             com.xiaomi.base                      D  false
2025-08-05 12:54:03.911 12556-12556 MULTI_WIND...CH_ENABLED com.xiaomi.base                      D  false
2025-08-05 12:54:03.922 12556-12556 FilterManager           com.xiaomi.base                      D  Filter added: Original (ORIGINAL)
2025-08-05 12:54:03.922 12556-12556 FilterManager           com.xiaomi.base                      D  Filter added: Sepia (SEPIA)
2025-08-05 12:54:03.922 12556-12556 FilterManager           com.xiaomi.base                      D  Filter added: B&W (BLACK_WHITE)
2025-08-05 12:54:03.922 12556-12556 FilterManager           com.xiaomi.base                      D  Filter added: Vintage (VINTAGE)
2025-08-05 12:54:03.922 12556-12556 FilterManager           com.xiaomi.base                      D  Filter added: Cool (COOL)
2025-08-05 12:54:03.923 12556-12556 FilterManager           com.xiaomi.base                      D  Filter added: Warm (WARM)
2025-08-05 12:54:03.923 12556-12556 FilterManager           com.xiaomi.base                      D  Default filters initialized: 6 filters
2025-08-05 12:54:03.924 12556-12556 CameraTextureView       com.xiaomi.base                      D  GLSurfaceView configured
2025-08-05 12:54:03.924 12556-12556 CameraTextureView       com.xiaomi.base                      D  Renderer configured
2025-08-05 12:54:03.926 12556-12556 CameraManagerGlobal     com.xiaomi.base                      I  Connecting to camera service
2025-08-05 12:54:03.948 12556-12556 CameraExtStub           com.xiaomi.base                      D  init android.hardware.camera2.impl.CameraExtImplXiaoMi
2025-08-05 12:54:03.952 12556-12556 CameraInjector          com.xiaomi.base                      D  waitForResult: 
2025-08-05 12:54:03.952 12556-12860 CameraInjector          com.xiaomi.base                      D  updateCloudCameraControllerInfoAsync: E
2025-08-05 12:54:03.985 12556-12860 CameraInjector          com.xiaomi.base                      D  updateCloudCameraControllerInfoAsync: X
2025-08-05 12:54:03.986 12556-12556 libc                    com.xiaomi.base                      W  Access denied finding property "vendor.camera.aux.packagelist"
2025-08-05 12:54:03.986 12556-12556 libc                    com.xiaomi.base                      W  Access denied finding property "vendor.camera.aux.packagelistext"
2025-08-05 12:54:03.986 12556-12556 CameraExtImplXiaoMi     com.xiaomi.base                      W  ignore the status update of camera: 2
2025-08-05 12:54:03.988 12556-12556 CameraInjector          com.xiaomi.base                      D  updateCloudCameraControllerInfoAsync: has aleardy start update task.
2025-08-05 12:54:03.988 12556-12556 CameraInjector          com.xiaomi.base                      D  waitForResult: 
2025-08-05 12:54:03.988 12556-12556 libc                    com.xiaomi.base                      W  Access denied finding property "vendor.camera.aux.packagelist"
2025-08-05 12:54:03.988 12556-12556 libc                    com.xiaomi.base                      W  Access denied finding property "vendor.camera.aux.packagelistext"
2025-08-05 12:54:03.989 12556-12591 CameraInjector          com.xiaomi.base                      D  updateCloudCameraControllerInfoAsync: has aleardy start update task.
2025-08-05 12:54:03.989 12556-12591 CameraInjector          com.xiaomi.base                      D  waitForResult: 
2025-08-05 12:54:03.989 12556-12591 libc                    com.xiaomi.base                      W  Access denied finding property "vendor.camera.aux.packagelist"
2025-08-05 12:54:03.989 12556-12591 libc                    com.xiaomi.base                      W  Access denied finding property "vendor.camera.aux.packagelistext"
2025-08-05 12:54:03.989 12556-12591 CameraManagerGlobal     com.xiaomi.base                      W  ignore the torch status update of camera: 2
2025-08-05 12:54:04.016 12556-12556 Camera2Manager          com.xiaomi.base                      D  Selected preview size: 1920x1080 (ratio: 1,78)
2025-08-05 12:54:04.017 12556-12556 Camera2Manager          com.xiaomi.base                      D  Camera setup completed. Preview size: 1920x1080
2025-08-05 12:54:04.017 12556-12556 CameraTextureView       com.xiaomi.base                      D  Camera manager configured
2025-08-05 12:54:04.017 12556-12556 CameraTextureView       com.xiaomi.base                      D  Resuming camera view
2025-08-05 12:54:04.039 12556-12556 CameraTextureView       com.xiaomi.base                      D  CameraTextureView attached to window
2025-08-05 12:54:04.247 12556-12556 SurfaceView             com.xiaomi.base                      D  UPDATE null, mIsCastMode = false
2025-08-05 12:54:04.248   874-986   BufferQueueDebug        surfaceflinger                       E  [Bounds for - com.xiaomi.base/com.xiaomi.base.ui.screens.activity.MainActivity#46719](this:0xb4000076070faa30,id:-1,api:0,p:-1,c:-1) id info cannot be read from 'Bounds for - com.xiaomi.base/com.xiaomi.base.ui.screens.activity.MainActivity#46719'
2025-08-05 12:54:04.250   874-986   BufferQueueDebug        surfaceflinger                       E  [SurfaceView[com.xiaomi.base/com.xiaomi.base.ui.screens.activity.MainActivity]#46720](this:0xb400007607139a30,id:-1,api:0,p:-1,c:-1) id info cannot be read from 'SurfaceView[com.xiaomi.base/com.xiaomi.base.ui.screens.activity.MainActivity]#46720'
2025-08-05 12:54:04.251   874-986   BufferQueueDebug        surfaceflinger                       E  [SurfaceView[com.xiaomi.base/com.xiaomi.base.ui.screens.activity.MainActivity](BLAST)#46721](this:0xb400007607157a30,id:-1,api:0,p:-1,c:-1) id info cannot be read from 'SurfaceView[com.xiaomi.base/com.xiaomi.base.ui.screens.activity.MainActivity](BLAST)#46721'
2025-08-05 12:54:04.252   874-986   BufferQueueDebug        surfaceflinger                       E  [Background for SurfaceView[com.xiaomi.base/com.xiaomi.base.ui.screens.activity.MainActivity]#46722](this:0xb40000760717ba30,id:-1,api:0,p:-1,c:-1) id info cannot be read from 'Background for SurfaceView[com.xiaomi.base/com.xiaomi.base.ui.screens.activity.MainActivity]#46722'
2025-08-05 12:54:04.253 12556-12556 BufferQueueConsumer     com.xiaomi.base                      D  [](id:310c00000001,api:0,p:-1,c:12556) connect: controlledByApp=false
2025-08-05 12:54:04.257 12556-12858 libMEOW                 com.xiaomi.base                      D  meow new tls: 0xb400007958293bc0
2025-08-05 12:54:04.257 12556-12858 libMEOW                 com.xiaomi.base                      D  applied 1 plugins for [com.xiaomi.base]:
2025-08-05 12:54:04.257 12556-12858 libMEOW                 com.xiaomi.base                      D    plugin 1: [libMEOW_gift.so]: 0xb4000079b42c79c0
2025-08-05 12:54:04.258 12556-12858 libMEOW                 com.xiaomi.base                      D  rebuild call chain: 0xb4000079582a2d40
2025-08-05 12:54:04.260 12556-12858 GLRenderer              com.xiaomi.base                      D  Surface created
2025-08-05 12:54:04.262   874-874   BufferQueueDebug        surfaceflinger                       E  [Bounds for - com.xiaomi.base/com.xiaomi.base.ui.screens.activity.MainActivity#46719 (Mirror)#46723](this:0xb40000760715da30,id:-1,api:0,p:-1,c:-1) id info cannot be read from 'Bounds for - com.xiaomi.base/com.xiaomi.base.ui.screens.activity.MainActivity#46719 (Mirror)#46723'
2025-08-05 12:54:04.262   874-874   BufferQueueDebug        surfaceflinger                       E  [SurfaceView[com.xiaomi.base/com.xiaomi.base.ui.screens.activity.MainActivity]#46720 (Mirror)#46724](this:0xb400007607178a30,id:-1,api:0,p:-1,c:-1) id info cannot be read from 'SurfaceView[com.xiaomi.base/com.xiaomi.base.ui.screens.activity.MainActivity]#46720 (Mirror)#46724'
2025-08-05 12:54:04.263   874-874   BufferQueueDebug        surfaceflinger                       E  [SurfaceView[com.xiaomi.base/com.xiaomi.base.ui.screens.activity.MainActivity](BLAST)#46721 (Mirror)#46725](this:0xb400007607189a30,id:-1,api:0,p:-1,c:-1) id info cannot be read from 'SurfaceView[com.xiaomi.base/com.xiaomi.base.ui.screens.activity.MainActivity](BLAST)#46721 (Mirror)#46725'
2025-08-05 12:54:04.263   874-874   BufferQueueDebug        surfaceflinger                       E  [Background for SurfaceView[com.xiaomi.base/com.xiaomi.base.ui.screens.activity.MainActivity]#46722 (Mirror)#46726](this:0xb400007606cd2a30,id:-1,api:0,p:-1,c:-1) id info cannot be read from 'Background for SurfaceView[com.xiaomi.base/com.xiaomi.base.ui.screens.activity.MainActivity]#46722 (Mirror)#46726'
2025-08-05 12:54:04.265 12556-12858 ShaderLoader            com.xiaomi.base                      E  Failed to load shader from assets: shaders/vertex_shader.glsl
                                                                                                    java.io.FileNotFoundException: shaders/vertex_shader.glsl
                                                                                                    	at android.content.res.AssetManager.nativeOpenAsset(Native Method)
                                                                                                    	at android.content.res.AssetManager.open(AssetManager.java:924)
                                                                                                    	at android.content.res.AssetManager.open(AssetManager.java:901)
                                                                                                    	at com.xiaomi.base.ui.screens.camera.opengl.ShaderLoader.loadShaderFromAssets(ShaderLoader.kt:20)
                                                                                                    	at com.xiaomi.base.ui.screens.camera.opengl.ShaderLoader.loadVertexShader(ShaderLoader.kt:43)
                                                                                                    	at com.xiaomi.base.ui.screens.camera.opengl.GLRenderer.onSurfaceCreated(GLRenderer.kt:163)
                                                                                                    	at android.opengl.GLSurfaceView$GLThread.guardedRun(GLSurfaceView.java:1549)
                                                                                                    	at android.opengl.GLSurfaceView$GLThread.run(GLSurfaceView.java:1280)
2025-08-05 12:54:04.267 12556-12858 ShaderLoader            com.xiaomi.base                      E  Failed to load shader from assets: shaders/fragment_shader.glsl
                                                                                                    java.io.FileNotFoundException: shaders/fragment_shader.glsl
                                                                                                    	at android.content.res.AssetManager.nativeOpenAsset(Native Method)
                                                                                                    	at android.content.res.AssetManager.open(AssetManager.java:924)
                                                                                                    	at android.content.res.AssetManager.open(AssetManager.java:901)
                                                                                                    	at com.xiaomi.base.ui.screens.camera.opengl.ShaderLoader.loadShaderFromAssets(ShaderLoader.kt:20)
                                                                                                    	at com.xiaomi.base.ui.screens.camera.opengl.ShaderLoader.loadFragmentShader(ShaderLoader.kt:50)
                                                                                                    	at com.xiaomi.base.ui.screens.camera.opengl.GLRenderer.onSurfaceCreated(GLRenderer.kt:164)
                                                                                                    	at android.opengl.GLSurfaceView$GLThread.guardedRun(GLSurfaceView.java:1549)
                                                                                                    	at android.opengl.GLSurfaceView$GLThread.run(GLSurfaceView.java:1280)
2025-08-05 12:54:04.269 12556-12858 GLRenderer              com.xiaomi.base                      E  Failed to compile shader: 0:2: P0005: #version must be on the first line in a program and only whitespace are allowed in the declaration
2025-08-05 12:54:04.269 12556-12858 GLRenderer              com.xiaomi.base                      E  Failed to create shader program
2025-08-05 12:54:04.269 12556-12858 GLRenderer              com.xiaomi.base                      D  Surface changed: 720x1280
2025-08-05 12:54:04.272 12556-12858 GLRenderer              com.xiaomi.base                      E  OpenGL error in onDrawFrame: 1282
2025-08-05 12:54:04.280 12556-12858 BLASTBufferQueue        com.xiaomi.base                      D  [SurfaceView[com.xiaomi.base/com.xiaomi.base.ui.screens.activity.MainActivity]#1](f:0,a:1) acquireNextBufferLocked size=720x1280 mFrameNumber=1 applyTransaction=true mTimestamp=331988053091325(auto) mPendingTransactions.size=0 graphicBufferId=53927609368581 transform=0
2025-08-05 12:54:04.283 12556-12858 GLRenderer              com.xiaomi.base                      E  OpenGL error in onDrawFrame: 1282
2025-08-05 12:54:04.289 12556-12858 GLRenderer              com.xiaomi.base                      E  OpenGL error in onDrawFrame: 1282
2025-08-05 12:54:04.293 12556-12858 GLRenderer              com.xiaomi.base                      E  OpenGL error in onDrawFrame: 1282
2025-08-05 12:54:04.299 12556-12858 GLRenderer              com.xiaomi.base                      E  OpenGL error in onDrawFrame: 1282
2025-08-05 12:54:04.309 12556-12793 libc                    com.xiaomi.base                      W  Access denied finding property "ro.vendor.display.iris_x7.support"
2025-08-05 12:54:04.310 12556-12556 Looper                  com.xiaomi.base                      W  PerfMonitor doFrame : time=776ms vsyncFrame=0 latency=24ms procState=-1 historyMsgCount=3
2025-08-05 12:54:04.329 12556-12556 SurfaceView             com.xiaomi.base                      D  UPDATE Surface(name=SurfaceView[com.xiaomi.base/com.xiaomi.base.ui.screens.activity.MainActivity]#46720)/@0xf36af4a, mIsProjectionMode = false
2025-08-05 12:54:04.332 12556-12556 Looper                  com.xiaomi.base                      W  PerfMonitor doFrame : time=10ms vsyncFrame=0 latency=427ms procState=-1 historyMsgCount=6 (msgIndex=1 wall=776ms seq=109 late=24ms h=android.view.Choreographer$FrameHandler c=android.view.Choreographer$FrameDisplayEventReceiver)
2025-08-05 12:54:04.335 12556-12556 HandWritingStubImpl     com.xiaomi.base                      I  refreshLastKeyboardType: 1